Archive member included to satisfy reference by file (symbol)

/Applications/Simplicity Studio.app/Contents/Eclipse/developer/toolchains/gnu_arm/7.2_2017q4/bin/../lib/gcc/arm-none-eabi/7.2.1/thumb/v6-m/libgcc.a(_udivsi3.o)
                              ./emlib/em_cmu.o (__aeabi_uidiv)
/Applications/Simplicity Studio.app/Contents/Eclipse/developer/toolchains/gnu_arm/7.2_2017q4/bin/../lib/gcc/arm-none-eabi/7.2.1/thumb/v6-m/libgcc.a(_dvmd_tls.o)
                              /Applications/Simplicity Studio.app/Contents/Eclipse/developer/toolchains/gnu_arm/7.2_2017q4/bin/../lib/gcc/arm-none-eabi/7.2.1/thumb/v6-m/libgcc.a(_udivsi3.o) (__aeabi_idiv0)
/Applications/Simplicity Studio.app/Contents/Eclipse/developer/toolchains/gnu_arm/7.2_2017q4/bin/../lib/gcc/arm-none-eabi/7.2.1/thumb/v6-m/libgcc.a(_clzsi2.o)
                              ./emlib/em_cmu.o (__clzsi2)
/Applications/Simplicity Studio.app/Contents/Eclipse/developer/toolchains/gnu_arm/7.2_2017q4/bin/../lib/gcc/arm-none-eabi/7.2.1/../../../../arm-none-eabi/lib/thumb/v6-m/libc_nano.a(lib_a-exit.o)
                              /Applications/Simplicity Studio.app/Contents/Eclipse/developer/toolchains/gnu_arm/7.2_2017q4/bin/../lib/gcc/arm-none-eabi/7.2.1/../../../../arm-none-eabi/lib/thumb/v6-m/crt0.o (exit)
/Applications/Simplicity Studio.app/Contents/Eclipse/developer/toolchains/gnu_arm/7.2_2017q4/bin/../lib/gcc/arm-none-eabi/7.2.1/../../../../arm-none-eabi/lib/thumb/v6-m/libc_nano.a(lib_a-impure.o)
                              /Applications/Simplicity Studio.app/Contents/Eclipse/developer/toolchains/gnu_arm/7.2_2017q4/bin/../lib/gcc/arm-none-eabi/7.2.1/../../../../arm-none-eabi/lib/thumb/v6-m/libc_nano.a(lib_a-exit.o) (_global_impure_ptr)
/Applications/Simplicity Studio.app/Contents/Eclipse/developer/toolchains/gnu_arm/7.2_2017q4/bin/../lib/gcc/arm-none-eabi/7.2.1/../../../../arm-none-eabi/lib/thumb/v6-m/libc_nano.a(lib_a-init.o)
                              /Applications/Simplicity Studio.app/Contents/Eclipse/developer/toolchains/gnu_arm/7.2_2017q4/bin/../lib/gcc/arm-none-eabi/7.2.1/../../../../arm-none-eabi/lib/thumb/v6-m/crt0.o (__libc_init_array)
/Applications/Simplicity Studio.app/Contents/Eclipse/developer/toolchains/gnu_arm/7.2_2017q4/bin/../lib/gcc/arm-none-eabi/7.2.1/../../../../arm-none-eabi/lib/thumb/v6-m/libc_nano.a(lib_a-memset.o)
                              /Applications/Simplicity Studio.app/Contents/Eclipse/developer/toolchains/gnu_arm/7.2_2017q4/bin/../lib/gcc/arm-none-eabi/7.2.1/../../../../arm-none-eabi/lib/thumb/v6-m/crt0.o (memset)
/Applications/Simplicity Studio.app/Contents/Eclipse/developer/toolchains/gnu_arm/7.2_2017q4/bin/../lib/gcc/arm-none-eabi/7.2.1/../../../../arm-none-eabi/lib/thumb/v6-m/libnosys.a(_exit.o)
                              /Applications/Simplicity Studio.app/Contents/Eclipse/developer/toolchains/gnu_arm/7.2_2017q4/bin/../lib/gcc/arm-none-eabi/7.2.1/../../../../arm-none-eabi/lib/thumb/v6-m/libc_nano.a(lib_a-exit.o) (_exit)

Discarded input sections

 .text          0x0000000000000000        0x0 /Applications/Simplicity Studio.app/Contents/Eclipse/developer/toolchains/gnu_arm/7.2_2017q4/bin/../lib/gcc/arm-none-eabi/7.2.1/thumb/v6-m/crti.o
 .data          0x0000000000000000        0x0 /Applications/Simplicity Studio.app/Contents/Eclipse/developer/toolchains/gnu_arm/7.2_2017q4/bin/../lib/gcc/arm-none-eabi/7.2.1/thumb/v6-m/crti.o
 .bss           0x0000000000000000        0x0 /Applications/Simplicity Studio.app/Contents/Eclipse/developer/toolchains/gnu_arm/7.2_2017q4/bin/../lib/gcc/arm-none-eabi/7.2.1/thumb/v6-m/crti.o
 .data          0x0000000000000000        0x4 /Applications/Simplicity Studio.app/Contents/Eclipse/developer/toolchains/gnu_arm/7.2_2017q4/bin/../lib/gcc/arm-none-eabi/7.2.1/thumb/v6-m/crtbegin.o
 .data          0x0000000000000000        0x0 /Applications/Simplicity Studio.app/Contents/Eclipse/developer/toolchains/gnu_arm/7.2_2017q4/bin/../lib/gcc/arm-none-eabi/7.2.1/../../../../arm-none-eabi/lib/thumb/v6-m/crt0.o
 .bss           0x0000000000000000        0x0 /Applications/Simplicity Studio.app/Contents/Eclipse/developer/toolchains/gnu_arm/7.2_2017q4/bin/../lib/gcc/arm-none-eabi/7.2.1/../../../../arm-none-eabi/lib/thumb/v6-m/crt0.o
 .ARM.extab     0x0000000000000000        0x0 /Applications/Simplicity Studio.app/Contents/Eclipse/developer/toolchains/gnu_arm/7.2_2017q4/bin/../lib/gcc/arm-none-eabi/7.2.1/../../../../arm-none-eabi/lib/thumb/v6-m/crt0.o
 .group         0x0000000000000000        0xc ./BSP/bsp_stk_leds.o
 .group         0x0000000000000000        0xc ./BSP/bsp_stk_leds.o
 .group         0x0000000000000000        0xc ./BSP/bsp_stk_leds.o
 .group         0x0000000000000000        0xc ./BSP/bsp_stk_leds.o
 .group         0x0000000000000000        0xc ./BSP/bsp_stk_leds.o
 .group         0x0000000000000000        0xc ./BSP/bsp_stk_leds.o
 .group         0x0000000000000000        0xc ./BSP/bsp_stk_leds.o
 .group         0x0000000000000000        0xc ./BSP/bsp_stk_leds.o
[...]
Memory Configuration

Name             Origin             Length             Attributes
FLASH            0x0000000000000000 0x0000000000008000 xr
RAM              0x0000000020000000 0x0000000000001000 xrw
*default*        0x0000000000000000 0xffffffffffffffff

Linker script and memory map

LOAD /Applications/Simplicity Studio.app/Contents/Eclipse/developer/toolchains/gnu_arm/7.2_2017q4/bin/../lib/gcc/arm-none-eabi/7.2.1/thumb/v6-m/crti.o
LOAD /Applications/Simplicity Studio.app/Contents/Eclipse/developer/toolchains/gnu_arm/7.2_2017q4/bin/../lib/gcc/arm-none-eabi/7.2.1/thumb/v6-m/crtbegin.o
LOAD /Applications/Simplicity Studio.app/Contents/Eclipse/developer/toolchains/gnu_arm/7.2_2017q4/bin/../lib/gcc/arm-none-eabi/7.2.1/../../../../arm-none-eabi/lib/thumb/v6-m/crt0.o
LOAD ./BSP/bsp_stk_leds.o
LOAD ./CMSIS/EFM32ZG/startup_gcc_efm32zg.o
LOAD ./CMSIS/EFM32ZG/system_efm32zg.o
LOAD ./emlib/em_assert.o
LOAD ./emlib/em_cmu.o
LOAD ./emlib/em_core.o
LOAD ./emlib/em_emu.o
LOAD ./emlib/em_gpio.o
LOAD ./src/app/blink.o
LOAD ./src/rfs_rtos/rfs_sched.o
LOAD ./src/rfs_rtos/rfs_task.o
START GROUP
LOAD /Applications/Simplicity Studio.app/Contents/Eclipse/developer/toolchains/gnu_arm/7.2_2017q4/bin/../lib/gcc/arm-none-eabi/7.2.1/thumb/v6-m/libgcc.a
LOAD /Applications/Simplicity Studio.app/Contents/Eclipse/developer/toolchains/gnu_arm/7.2_2017q4/bin/../lib/gcc/arm-none-eabi/7.2.1/../../../../arm-none-eabi/lib/thumb/v6-m/libc_nano.a
LOAD /Applications/Simplicity Studio.app/Contents/Eclipse/developer/toolchains/gnu_arm/7.2_2017q4/bin/../lib/gcc/arm-none-eabi/7.2.1/../../../../arm-none-eabi/lib/thumb/v6-m/libnosys.a
END GROUP
START GROUP
LOAD /Applications/Simplicity Studio.app/Contents/Eclipse/developer/toolchains/gnu_arm/7.2_2017q4/bin/../lib/gcc/arm-none-eabi/7.2.1/thumb/v6-m/libgcc.a
LOAD /Applications/Simplicity Studio.app/Contents/Eclipse/developer/toolchains/gnu_arm/7.2_2017q4/bin/../lib/gcc/arm-none-eabi/7.2.1/../../../../arm-none-eabi/lib/thumb/v6-m/libg_nano.a
LOAD /Applications/Simplicity Studio.app/Contents/Eclipse/developer/toolchains/gnu_arm/7.2_2017q4/bin/../lib/gcc/arm-none-eabi/7.2.1/../../../../arm-none-eabi/lib/thumb/v6-m/libc_nano.a
END GROUP
START GROUP
LOAD /Applications/Simplicity Studio.app/Contents/Eclipse/developer/toolchains/gnu_arm/7.2_2017q4/bin/../lib/gcc/arm-none-eabi/7.2.1/thumb/v6-m/libgcc.a
LOAD /Applications/Simplicity Studio.app/Contents/Eclipse/developer/toolchains/gnu_arm/7.2_2017q4/bin/../lib/gcc/arm-none-eabi/7.2.1/../../../../arm-none-eabi/lib/thumb/v6-m/libc_nano.a
END GROUP
LOAD /Applications/Simplicity Studio.app/Contents/Eclipse/developer/toolchains/gnu_arm/7.2_2017q4/bin/../lib/gcc/arm-none-eabi/7.2.1/thumb/v6-m/crtend.o
LOAD /Applications/Simplicity Studio.app/Contents/Eclipse/developer/toolchains/gnu_arm/7.2_2017q4/bin/../lib/gcc/arm-none-eabi/7.2.1/thumb/v6-m/crtn.o

.text           0x0000000000000000     0x1594
 *(.vectors)
 .vectors       0x0000000000000000       0x8c ./CMSIS/EFM32ZG/startup_gcc_efm32zg.o
                0x0000000000000000                __Vectors
                0x000000000000008c                __Vectors_End = .
                0x000000000000008c                __Vectors_Size = (__Vectors_End - __Vectors)
                0x000000000000008c                __end__ = .
 *(.text*)
 .text          0x000000000000008c       0x48 /Applications/Simplicity Studio.app/Contents/Eclipse/developer/toolchains/gnu_arm/7.2_2017q4/bin/../lib/gcc/arm-none-eabi/7.2.1/thumb/v6-m/crtbegin.o
 .text          0x00000000000000d4       0x78 /Applications/Simplicity Studio.app/Contents/Eclipse/developer/toolchains/gnu_arm/7.2_2017q4/bin/../lib/gcc/arm-none-eabi/7.2.1/../../../../arm-none-eabi/lib/thumb/v6-m/crt0.o
                0x00000000000000d4                _mainCRTStartup
                0x00000000000000d4                _start
 .text.GPIO_PinOutClear
                0x000000000000014c       0xb0 ./BSP/bsp_stk_leds.o
 .text.GPIO_PinOutSet
                0x00000000000001fc       0xb4 ./BSP/bsp_stk_leds.o
 .text.BSP_LedsInit
                0x00000000000002b0       0x60 ./BSP/bsp_stk_leds.o
                0x00000000000002b0                BSP_LedsInit
 .text.BSP_LedsSet
                0x0000000000000310       0x78 ./BSP/bsp_stk_leds.o
                0x0000000000000310                BSP_LedsSet
 .text          0x0000000000000388       0x30 ./CMSIS/EFM32ZG/startup_gcc_efm32zg.o
                0x0000000000000388                Reset_Handler
                0x00000000000003b4                HardFault_Handler
                0x00000000000003b4                USART1_RX_IRQHandler
                0x00000000000003b4                PendSV_Handler
                0x00000000000003b4                NMI_Handler
                0x00000000000003b4                USART1_TX_IRQHandler
                0x00000000000003b4                MSC_IRQHandler
                0x00000000000003b4                ADC0_IRQHandler
                0x00000000000003b4                LEUART0_IRQHandler
                0x00000000000003b4                GPIO_EVEN_IRQHandler
                0x00000000000003b4                RTC_IRQHandler
                0x00000000000003b4                TIMER0_IRQHandler
                0x00000000000003b4                TIMER1_IRQHandler
                0x00000000000003b4                Default_Handler
                0x00000000000003b4                PCNT0_IRQHandler
                0x00000000000003b4                sl_app_properties
                0x00000000000003b4                ACMP0_IRQHandler
                0x00000000000003b4                SVC_Handler
                0x00000000000003b4                CMU_IRQHandler
                0x00000000000003b4                GPIO_ODD_IRQHandler
                0x00000000000003b4                AES_IRQHandler
                0x00000000000003b4                VCMP_IRQHandler
                0x00000000000003b4                I2C0_IRQHandler
                0x00000000000003b4                DMA_IRQHandler
 .text.SystemCoreClockGet
                0x00000000000003b8       0x38 ./CMSIS/EFM32ZG/system_efm32zg.o
                0x00000000000003b8                SystemCoreClockGet
 .text.SystemHFClockGet
                0x00000000000003f0       0xcc ./CMSIS/EFM32ZG/system_efm32zg.o
                0x00000000000003f0                SystemHFClockGet
 .text.SystemInit
                0x00000000000004bc       0x18 ./CMSIS/EFM32ZG/system_efm32zg.o
                0x00000000000004bc                SystemInit
 .text.SystemLFRCOClockGet
                0x00000000000004d4        0xe ./CMSIS/EFM32ZG/system_efm32zg.o
                0x00000000000004d4                SystemLFRCOClockGet
 .text.SystemULFRCOClockGet
                0x00000000000004e2        0xe ./CMSIS/EFM32ZG/system_efm32zg.o
                0x00000000000004e2                SystemULFRCOClockGet
 .text.SystemLFXOClockGet
                0x00000000000004f0       0x14 ./CMSIS/EFM32ZG/system_efm32zg.o
                0x00000000000004f0                SystemLFXOClockGet
 .text.assertEFM
                0x0000000000000504        0xc ./emlib/em_assert.o
                0x0000000000000504                assertEFM
 .text.BUS_RegBitWrite
                0x0000000000000510       0x3c ./emlib/em_cmu.o
 .text.SL_Log2ToDiv
                0x000000000000054c       0x30 ./emlib/em_cmu.o
 .text.SYSTEM_GetProdRev
                0x000000000000057c       0x18 ./emlib/em_cmu.o
 .text.auxClkGet
                0x0000000000000594       0xc4 ./emlib/em_cmu.o
 .text.dbgClkGet
                0x0000000000000658       0x5c ./emlib/em_cmu.o
 .text.lfClkGet
                0x00000000000006b4      0x110 ./emlib/em_cmu.o
 .text.syncReg  0x00000000000007c4       0x2c ./emlib/em_cmu.o
 .text.CMU_ClockDivGet
                0x00000000000007f0      0x114 ./emlib/em_cmu.o
                0x00000000000007f0                CMU_ClockDivGet
 .text.CMU_ClockEnable
                0x0000000000000904       0xb4 ./emlib/em_cmu.o
                0x0000000000000904                CMU_ClockEnable
 .text.CMU_ClockFreqGet
                0x00000000000009b8      0x168 ./emlib/em_cmu.o
                0x00000000000009b8                CMU_ClockFreqGet
 .text.CMU_ClockSelectGet
                0x0000000000000b20      0x154 ./emlib/em_cmu.o
                0x0000000000000b20                CMU_ClockSelectGet
 .text.GPIO_PinOutClear
                0x0000000000000c74       0xb0 ./emlib/em_gpio.o
 .text.GPIO_PinOutSet
                0x0000000000000d24       0xb4 ./emlib/em_gpio.o
 .text.GPIO_PinModeSet
                0x0000000000000dd8      0x1c0 ./emlib/em_gpio.o
                0x0000000000000dd8                GPIO_PinModeSet
 .text.__NVIC_SetPriority
                0x0000000000000f98       0xdc ./src/app/blink.o
 .text.SysTick_Config
                0x0000000000001074       0x48 ./src/app/blink.o
 .text.CHIP_Init
                0x00000000000010bc       0x14 ./src/app/blink.o
 .text.SysTick_Handler
                0x00000000000010d0       0x18 ./src/app/blink.o
                0x00000000000010d0                SysTick_Handler
 .text.Delay    0x00000000000010e8       0x2c ./src/app/blink.o
 .text.main     0x0000000000001114       0x50 ./src/app/blink.o
                0x0000000000001114                main
 .text          0x0000000000001164      0x114 /Applications/Simplicity Studio.app/Contents/Eclipse/developer/toolchains/gnu_arm/7.2_2017q4/bin/../lib/gcc/arm-none-eabi/7.2.1/thumb/v6-m/libgcc.a(_udivsi3.o)
                0x0000000000001164                __udivsi3
                0x0000000000001164                __aeabi_uidiv
                0x0000000000001270                __aeabi_uidivmod
 .text          0x0000000000001278        0x4 /Applications/Simplicity Studio.app/Contents/Eclipse/developer/toolchains/gnu_arm/7.2_2017q4/bin/../lib/gcc/arm-none-eabi/7.2.1/thumb/v6-m/libgcc.a(_dvmd_tls.o)
                0x0000000000001278                __aeabi_ldiv0
                0x0000000000001278                __aeabi_idiv0
 .text.exit     0x000000000000127c       0x2c /Applications/Simplicity Studio.app/Contents/Eclipse/developer/toolchains/gnu_arm/7.2_2017q4/bin/../lib/gcc/arm-none-eabi/7.2.1/../../../../arm-none-eabi/lib/thumb/v6-m/libc_nano.a(lib_a-exit.o)
                0x000000000000127c                exit
 .text.__libc_init_array
                0x00000000000012a8       0x48 /Applications/Simplicity Studio.app/Contents/Eclipse/developer/toolchains/gnu_arm/7.2_2017q4/bin/../lib/gcc/arm-none-eabi/7.2.1/../../../../arm-none-eabi/lib/thumb/v6-m/libc_nano.a(lib_a-init.o)
                0x00000000000012a8                __libc_init_array
 .text.memset   0x00000000000012f0       0x10 /Applications/Simplicity Studio.app/Contents/Eclipse/developer/toolchains/gnu_arm/7.2_2017q4/bin/../lib/gcc/arm-none-eabi/7.2.1/../../../../arm-none-eabi/lib/thumb/v6-m/libc_nano.a(lib_a-memset.o)
                0x00000000000012f0                memset
 .text._exit    0x0000000000001300        0x4 /Applications/Simplicity Studio.app/Contents/Eclipse/developer/toolchains/gnu_arm/7.2_2017q4/bin/../lib/gcc/arm-none-eabi/7.2.1/../../../../arm-none-eabi/lib/thumb/v6-m/libnosys.a(_exit.o)
                0x0000000000001300                _exit
 *(.init)
 .init          0x0000000000001304        0x4 /Applications/Simplicity Studio.app/Contents/Eclipse/developer/toolchains/gnu_arm/7.2_2017q4/bin/../lib/gcc/arm-none-eabi/7.2.1/thumb/v6-m/crti.o
                0x0000000000001304                _init
 .init          0x0000000000001308        0x8 /Applications/Simplicity Studio.app/Contents/Eclipse/developer/toolchains/gnu_arm/7.2_2017q4/bin/../lib/gcc/arm-none-eabi/7.2.1/thumb/v6-m/crtn.o
 *(.fini)
 .fini          0x0000000000001310        0x4 /Applications/Simplicity Studio.app/Contents/Eclipse/developer/toolchains/gnu_arm/7.2_2017q4/bin/../lib/gcc/arm-none-eabi/7.2.1/thumb/v6-m/crti.o
                0x0000000000001310                _fini
 .fini          0x0000000000001314        0x8 /Applications/Simplicity Studio.app/Contents/Eclipse/developer/toolchains/gnu_arm/7.2_2017q4/bin/../lib/gcc/arm-none-eabi/7.2.1/thumb/v6-m/crtn.o
 *crtbegin.o(.ctors)
 *crtbegin?.o(.ctors)
 *(EXCLUDE_FILE(*crtend.o *crtend?.o) .ctors)
 *(SORT_BY_NAME(.ctors.*))
 *(.ctors)
 *crtbegin.o(.dtors)
 *crtbegin?.o(.dtors)
 *(EXCLUDE_FILE(*crtend.o *crtend?.o) .dtors)
 *(SORT_BY_NAME(.dtors.*))
 *(.dtors)
 *(.rodata*)
 .rodata        0x000000000000131c       0x77 ./BSP/bsp_stk_leds.o
 *fill*         0x0000000000001393        0x1 
 .rodata.ledArray
                0x0000000000001394       0x10 ./BSP/bsp_stk_leds.o
 .rodata        0x00000000000013a4      0x106 ./emlib/em_cmu.o
 *fill*         0x00000000000014aa        0x2 
 .rodata.CMU_ClockDivGet
                0x00000000000014ac       0x28 ./emlib/em_cmu.o
 .rodata.CMU_ClockEnable
                0x00000000000014d4       0x2c ./emlib/em_cmu.o
 .rodata        0x0000000000001500       0x8b ./emlib/em_gpio.o
 *fill*         0x000000000000158b        0x1 
 .rodata._global_impure_ptr
                0x000000000000158c        0x4 /Applications/Simplicity Studio.app/Contents/Eclipse/developer/toolchains/gnu_arm/7.2_2017q4/bin/../lib/gcc/arm-none-eabi/7.2.1/../../../../arm-none-eabi/lib/thumb/v6-m/libc_nano.a(lib_a-impure.o)
                0x000000000000158c                _global_impure_ptr
 *(.eh_frame*)
 .eh_frame      0x0000000000001590        0x0 /Applications/Simplicity Studio.app/Contents/Eclipse/developer/toolchains/gnu_arm/7.2_2017q4/bin/../lib/gcc/arm-none-eabi/7.2.1/thumb/v6-m/crtbegin.o
 .eh_frame      0x0000000000001590        0x4 /Applications/Simplicity Studio.app/Contents/Eclipse/developer/toolchains/gnu_arm/7.2_2017q4/bin/../lib/gcc/arm-none-eabi/7.2.1/thumb/v6-m/crtend.o

.glue_7         0x0000000000001594        0x0
 .glue_7        0x0000000000001594        0x0 linker stubs

.glue_7t        0x0000000000001594        0x0
 .glue_7t       0x0000000000001594        0x0 linker stubs

.vfp11_veneer   0x0000000000001594        0x0
 .vfp11_veneer  0x0000000000001594        0x0 linker stubs

.v4_bx          0x0000000000001594        0x0
 .v4_bx         0x0000000000001594        0x0 linker stubs

.iplt           0x0000000000001594        0x0
 .iplt          0x0000000000001594        0x0 /Applications/Simplicity Studio.app/Contents/Eclipse/developer/toolchains/gnu_arm/7.2_2017q4/bin/../lib/gcc/arm-none-eabi/7.2.1/thumb/v6-m/crtbegin.o

.ARM.extab
 *(.ARM.extab* .gnu.linkonce.armextab.*)
                0x0000000000001594                __exidx_start = .

.ARM.exidx      0x0000000000001594        0x8
 *(.ARM.exidx* .gnu.linkonce.armexidx.*)
 .ARM.exidx     0x0000000000001594        0x8 /Applications/Simplicity Studio.app/Contents/Eclipse/developer/toolchains/gnu_arm/7.2_2017q4/bin/../lib/gcc/arm-none-eabi/7.2.1/../../../../arm-none-eabi/lib/thumb/v6-m/crt0.o
                0x000000000000159c                __exidx_end = .
                0x000000000000159c                __etext = .

.rel.dyn        0x000000000000159c        0x0
 .rel.iplt      0x000000000000159c        0x0 /Applications/Simplicity Studio.app/Contents/Eclipse/developer/toolchains/gnu_arm/7.2_2017q4/bin/../lib/gcc/arm-none-eabi/7.2.1/thumb/v6-m/crtbegin.o

.data           0x0000000020000000       0x74 load address 0x000000000000159c
                0x0000000020000000                __data_start__ = .
 *(vtable)
 *(.data*)
 .data.SystemHFXOClock
                0x0000000020000000        0x4 ./CMSIS/EFM32ZG/system_efm32zg.o
 .data.SystemLFXOClock
                0x0000000020000004        0x4 ./CMSIS/EFM32ZG/system_efm32zg.o
 .data.SystemCoreClock
                0x0000000020000008        0x4 ./CMSIS/EFM32ZG/system_efm32zg.o
                0x0000000020000008                SystemCoreClock
 .data.impure_data
                0x000000002000000c       0x60 /Applications/Simplicity Studio.app/Contents/Eclipse/developer/toolchains/gnu_arm/7.2_2017q4/bin/../lib/gcc/arm-none-eabi/7.2.1/../../../../arm-none-eabi/lib/thumb/v6-m/libc_nano.a(lib_a-impure.o)
                0x000000002000006c                . = ALIGN (0x4)
                [!provide]                        PROVIDE (__ram_func_section_start, .)
 *(.ram)
                [!provide]                        PROVIDE (__ram_func_section_end, .)
                0x000000002000006c                . = ALIGN (0x4)
                0x000000002000006c                PROVIDE (__preinit_array_start, .)
 *(.preinit_array)
                0x000000002000006c                PROVIDE (__preinit_array_end, .)
                0x000000002000006c                . = ALIGN (0x4)
                0x000000002000006c                PROVIDE (__init_array_start, .)
 *(SORT_BY_NAME(.init_array.*))
 *(.init_array)
 .init_array    0x000000002000006c        0x4 /Applications/Simplicity Studio.app/Contents/Eclipse/developer/toolchains/gnu_arm/7.2_2017q4/bin/../lib/gcc/arm-none-eabi/7.2.1/thumb/v6-m/crtbegin.o
                0x0000000020000070                PROVIDE (__init_array_end, .)
                0x0000000020000070                . = ALIGN (0x4)
                [!provide]                        PROVIDE (__fini_array_start, .)
 *(SORT_BY_NAME(.fini_array.*))
 *(.fini_array)
 .fini_array    0x0000000020000070        0x4 /Applications/Simplicity Studio.app/Contents/Eclipse/developer/toolchains/gnu_arm/7.2_2017q4/bin/../lib/gcc/arm-none-eabi/7.2.1/thumb/v6-m/crtbegin.o
                [!provide]                        PROVIDE (__fini_array_end, .)
 *(.jcr*)
                0x0000000020000074                . = ALIGN (0x4)
                0x0000000020000074                __data_end__ = .

.igot.plt       0x0000000020000074        0x0 load address 0x0000000000001610
 .igot.plt      0x0000000020000074        0x0 /Applications/Simplicity Studio.app/Contents/Eclipse/developer/toolchains/gnu_arm/7.2_2017q4/bin/../lib/gcc/arm-none-eabi/7.2.1/thumb/v6-m/crtbegin.o

.bss            0x0000000020000074       0x20 load address 0x0000000000001610
                0x0000000020000074                . = ALIGN (0x4)
                0x0000000020000074                __bss_start__ = .
 *(.bss*)
 .bss           0x0000000020000074       0x1c /Applications/Simplicity Studio.app/Contents/Eclipse/developer/toolchains/gnu_arm/7.2_2017q4/bin/../lib/gcc/arm-none-eabi/7.2.1/thumb/v6-m/crtbegin.o
 .bss.msTicks   0x0000000020000090        0x4 ./src/app/blink.o
 *(COMMON)
                0x0000000020000094                . = ALIGN (0x4)
                0x0000000020000094                __bss_end__ = .

.heap           0x0000000020000098        0x0
                0x0000000020000098                __HeapBase = .
                0x0000000020000098                __end__ = .
                0x0000000020000098                end = __end__
                0x0000000020000098                _end = __end__
 *(.heap*)
 .heap          0x0000000020000098        0x0 ./CMSIS/EFM32ZG/startup_gcc_efm32zg.o
                0x0000000020000098                __HeapLimit = .

.stack_dummy    0x0000000020000098      0x400
 *(.stack*)
 .stack         0x0000000020000098      0x400 ./CMSIS/EFM32ZG/startup_gcc_efm32zg.o
                0x0000000020001000                __StackTop = (ORIGIN (RAM) + LENGTH (RAM))
                0x0000000020000c00                __StackLimit = (__StackTop - SIZEOF (.stack_dummy))
                0x0000000020001000                PROVIDE (__stack, __StackTop)
                0x0000000000000001                ASSERT ((__StackLimit >= __HeapLimit), region RAM overflowed with stack)
                0x0000000000000001                ASSERT ((LENGTH (FLASH) >= (__etext + SIZEOF (.data))), FLASH memory overflowed !)
OUTPUT(rtos_from_scratch.axf elf32-littlearm)

.ARM.attributes
                0x0000000000000000       0x28
 .ARM.attributes
                0x0000000000000000       0x1e /Applications/Simplicity Studio.app/Contents/Eclipse/developer/toolchains/gnu_arm/7.2_2017q4/bin/../lib/gcc/arm-none-eabi/7.2.1/thumb/v6-m/crti.o
 .ARM.attributes
                0x000000000000001e       0x2c /Applications/Simplicity Studio.app/Contents/Eclipse/developer/toolchains/gnu_arm/7.2_2017q4/bin/../lib/gcc/arm-none-eabi/7.2.1/thumb/v6-m/crtbegin.o
 .ARM.attributes
                0x000000000000004a       0x1b /Applications/Simplicity Studio.app/Contents/Eclipse/developer/toolchains/gnu_arm/7.2_2017q4/bin/../lib/gcc/arm-none-eabi/7.2.1/../../../../arm-none-eabi/lib/thumb/v6-m/crt0.o
 .ARM.attributes
                0x0000000000000065       0x32 ./BSP/bsp_stk_leds.o
 .ARM.attributes
                0x0000000000000097       0x1b ./CMSIS/EFM32ZG/startup_gcc_efm32zg.o
 .ARM.attributes
                0x00000000000000b2       0x32 ./CMSIS/EFM32ZG/system_efm32zg.o
 .ARM.attributes
                0x00000000000000e4       0x32 ./emlib/em_assert.o
 .ARM.attributes
                0x0000000000000116       0x32 ./emlib/em_cmu.o
 .ARM.attributes
                0x0000000000000148       0x32 ./emlib/em_gpio.o
 .ARM.attributes
                0x000000000000017a       0x32 ./src/app/blink.o
 .ARM.attributes
                0x00000000000001ac       0x1e /Applications/Simplicity Studio.app/Contents/Eclipse/developer/toolchains/gnu_arm/7.2_2017q4/bin/../lib/gcc/arm-none-eabi/7.2.1/thumb/v6-m/libgcc.a(_udivsi3.o)
 .ARM.attributes
                0x00000000000001ca       0x1e /Applications/Simplicity Studio.app/Contents/Eclipse/developer/toolchains/gnu_arm/7.2_2017q4/bin/../lib/gcc/arm-none-eabi/7.2.1/thumb/v6-m/libgcc.a(_dvmd_tls.o)
 .ARM.attributes
                0x00000000000001e8       0x2c /Applications/Simplicity Studio.app/Contents/Eclipse/developer/toolchains/gnu_arm/7.2_2017q4/bin/../lib/gcc/arm-none-eabi/7.2.1/../../../../arm-none-eabi/lib/thumb/v6-m/libc_nano.a(lib_a-exit.o)
 .ARM.attributes
                0x0000000000000214       0x2c /Applications/Simplicity Studio.app/Contents/Eclipse/developer/toolchains/gnu_arm/7.2_2017q4/bin/../lib/gcc/arm-none-eabi/7.2.1/../../../../arm-none-eabi/lib/thumb/v6-m/libc_nano.a(lib_a-impure.o)
 .ARM.attributes
                0x0000000000000240       0x2c /Applications/Simplicity Studio.app/Contents/Eclipse/developer/toolchains/gnu_arm/7.2_2017q4/bin/../lib/gcc/arm-none-eabi/7.2.1/../../../../arm-none-eabi/lib/thumb/v6-m/libc_nano.a(lib_a-init.o)
 .ARM.attributes
                0x000000000000026c       0x2c /Applications/Simplicity Studio.app/Contents/Eclipse/developer/toolchains/gnu_arm/7.2_2017q4/bin/../lib/gcc/arm-none-eabi/7.2.1/../../../../arm-none-eabi/lib/thumb/v6-m/libc_nano.a(lib_a-memset.o)
 .ARM.attributes
                0x0000000000000298       0x2c /Applications/Simplicity Studio.app/Contents/Eclipse/developer/toolchains/gnu_arm/7.2_2017q4/bin/../lib/gcc/arm-none-eabi/7.2.1/../../../../arm-none-eabi/lib/thumb/v6-m/libnosys.a(_exit.o)
 .ARM.attributes
                0x00000000000002c4       0x2c /Applications/Simplicity Studio.app/Contents/Eclipse/developer/toolchains/gnu_arm/7.2_2017q4/bin/../lib/gcc/arm-none-eabi/7.2.1/thumb/v6-m/crtend.o
 .ARM.attributes
                0x00000000000002f0       0x1e /Applications/Simplicity Studio.app/Contents/Eclipse/developer/toolchains/gnu_arm/7.2_2017q4/bin/../lib/gcc/arm-none-eabi/7.2.1/thumb/v6-m/crtn.o

.comment        0x0000000000000000       0x7e
 .comment       0x0000000000000000       0x7e ./BSP/bsp_stk_leds.o
                                         0x7f (size before relaxing)
 .comment       0x000000000000007e       0x7f ./CMSIS/EFM32ZG/system_efm32zg.o
 .comment       0x000000000000007e       0x7f ./emlib/em_assert.o
 .comment       0x000000000000007e       0x7f ./emlib/em_cmu.o
 .comment       0x000000000000007e       0x7f ./emlib/em_gpio.o
 .comment       0x000000000000007e       0x7f ./src/app/blink.o

.debug_info     0x0000000000000000     0x59c9
 .debug_info    0x0000000000000000     0x1072 ./BSP/bsp_stk_leds.o
 .debug_info    0x0000000000001072       0x26 ./CMSIS/EFM32ZG/startup_gcc_efm32zg.o
 .debug_info    0x0000000000001098      0xe29 ./CMSIS/EFM32ZG/system_efm32zg.o
 .debug_info    0x0000000000001ec1       0x7e ./emlib/em_assert.o
 .debug_info    0x0000000000001f3f     0x1ac6 ./emlib/em_cmu.o
 .debug_info    0x0000000000003a05      0xfd1 ./emlib/em_gpio.o
 .debug_info    0x00000000000049d6      0xff3 ./src/app/blink.o

.debug_abbrev   0x0000000000000000      0xdfa
 .debug_abbrev  0x0000000000000000      0x281 ./BSP/bsp_stk_leds.o
 .debug_abbrev  0x0000000000000281       0x14 ./CMSIS/EFM32ZG/startup_gcc_efm32zg.o
 .debug_abbrev  0x0000000000000295      0x267 ./CMSIS/EFM32ZG/system_efm32zg.o
 .debug_abbrev  0x00000000000004fc       0x68 ./emlib/em_assert.o
 .debug_abbrev  0x0000000000000564      0x356 ./emlib/em_cmu.o
 .debug_abbrev  0x00000000000008ba      0x2a4 ./emlib/em_gpio.o
 .debug_abbrev  0x0000000000000b5e      0x29c ./src/app/blink.o

.debug_loc      0x0000000000000000     0x10f8
 .debug_loc     0x0000000000000000      0x2a0 ./BSP/bsp_stk_leds.o
 .debug_loc     0x00000000000002a0      0x1e8 ./CMSIS/EFM32ZG/system_efm32zg.o
 .debug_loc     0x0000000000000488       0x38 ./emlib/em_assert.o
 .debug_loc     0x00000000000004c0      0x860 ./emlib/em_cmu.o
 .debug_loc     0x0000000000000d20      0x2a0 ./emlib/em_gpio.o
 .debug_loc     0x0000000000000fc0      0x138 ./src/app/blink.o

.debug_aranges  0x0000000000000000      0x338
 .debug_aranges
                0x0000000000000000       0x78 ./BSP/bsp_stk_leds.o
 .debug_aranges
                0x0000000000000078       0x20 ./CMSIS/EFM32ZG/startup_gcc_efm32zg.o
 .debug_aranges
                0x0000000000000098       0x68 ./CMSIS/EFM32ZG/system_efm32zg.o
 .debug_aranges
                0x0000000000000100       0x20 ./emlib/em_assert.o
 .debug_aranges
                0x0000000000000120      0x158 ./emlib/em_cmu.o
 .debug_aranges
                0x0000000000000278       0x78 ./emlib/em_gpio.o
 .debug_aranges
                0x00000000000002f0       0x48 ./src/app/blink.o

.debug_ranges   0x0000000000000000      0x2b8
 .debug_ranges  0x0000000000000000       0x68 ./BSP/bsp_stk_leds.o
 .debug_ranges  0x0000000000000068       0x58 ./CMSIS/EFM32ZG/system_efm32zg.o
 .debug_ranges  0x00000000000000c0       0x10 ./emlib/em_assert.o
 .debug_ranges  0x00000000000000d0      0x148 ./emlib/em_cmu.o
 .debug_ranges  0x0000000000000218       0x68 ./emlib/em_gpio.o
 .debug_ranges  0x0000000000000280       0x38 ./src/app/blink.o

.debug_macro    0x0000000000000000    0x10af0
 .debug_macro   0x0000000000000000      0x353 ./BSP/bsp_stk_leds.o
 .debug_macro   0x0000000000000353      0xa3c ./BSP/bsp_stk_leds.o
 .debug_macro   0x0000000000000d8f      0x295 ./BSP/bsp_stk_leds.o
 .debug_macro   0x0000000000001024       0x12 ./BSP/bsp_stk_leds.o
 .debug_macro   0x0000000000001036       0x22 ./BSP/bsp_stk_leds.o
 .debug_macro   0x0000000000001058       0x4f ./BSP/bsp_stk_leds.o
 .debug_macro   0x00000000000010a7       0x51 ./BSP/bsp_stk_leds.o
 .debug_macro   0x00000000000010f8       0xef ./BSP/bsp_stk_leds.o
 .debug_macro   0x00000000000011e7       0x6a ./BSP/bsp_stk_leds.o
 .debug_macro   0x0000000000001251      0x1df ./BSP/bsp_stk_leds.o
 .debug_macro   0x0000000000001430       0x1c ./BSP/bsp_stk_leds.o
 .debug_macro   0x000000000000144c       0x22 ./BSP/bsp_stk_leds.o
 .debug_macro   0x000000000000146e       0xb5 ./BSP/bsp_stk_leds.o
 .debug_macro   0x0000000000001523       0x12 ./BSP/bsp_stk_leds.o
 .debug_macro   0x0000000000001535       0x58 ./BSP/bsp_stk_leds.o
 .debug_macro   0x000000000000158d       0x17 ./BSP/bsp_stk_leds.o
 .debug_macro   0x00000000000015a4       0x35 ./BSP/bsp_stk_leds.o
 .debug_macro   0x00000000000015d9       0x9c ./BSP/bsp_stk_leds.o
 .debug_macro   0x0000000000001675      0x16d ./BSP/bsp_stk_leds.o
 .debug_macro   0x00000000000017e2       0x58 ./BSP/bsp_stk_leds.o
 .debug_macro   0x000000000000183a       0x1f ./BSP/bsp_stk_leds.o
 .debug_macro   0x0000000000001859       0x43 ./BSP/bsp_stk_leds.o
 .debug_macro   0x000000000000189c       0x20 ./BSP/bsp_stk_leds.o
 .debug_macro   0x00000000000018bc      0x18e ./BSP/bsp_stk_leds.o
 .debug_macro   0x0000000000001a4a      0x34d ./BSP/bsp_stk_leds.o
 .debug_macro   0x0000000000001d97       0x10 ./BSP/bsp_stk_leds.o
 .debug_macro   0x0000000000001da7       0x35 ./BSP/bsp_stk_leds.o
 .debug_macro   0x0000000000001ddc       0xde ./BSP/bsp_stk_leds.o
 .debug_macro   0x0000000000001eba       0xe4 ./BSP/bsp_stk_leds.o
 .debug_macro   0x0000000000001f9e      0x37c ./BSP/bsp_stk_leds.o
 .debug_macro   0x000000000000231a      0x2b0 ./BSP/bsp_stk_leds.o
 .debug_macro   0x00000000000025ca      0xf3b ./BSP/bsp_stk_leds.o
 .debug_macro   0x0000000000003505      0x82d ./BSP/bsp_stk_leds.o
 .debug_macro   0x0000000000003d32       0xfa ./BSP/bsp_stk_leds.o
 .debug_macro   0x0000000000003e2c      0x1b3 ./BSP/bsp_stk_leds.o
 .debug_macro   0x0000000000003fdf     0x16dd ./BSP/bsp_stk_leds.o
 .debug_macro   0x00000000000056bc      0xf51 ./BSP/bsp_stk_leds.o
 .debug_macro   0x000000000000660d      0x6bc ./BSP/bsp_stk_leds.o
 .debug_macro   0x0000000000006cc9     0x1b40 ./BSP/bsp_stk_leds.o
 .debug_macro   0x0000000000008809      0x51a ./BSP/bsp_stk_leds.o
 .debug_macro   0x0000000000008d23      0x20e ./BSP/bsp_stk_leds.o
 .debug_macro   0x0000000000008f31     0x1bdf ./BSP/bsp_stk_leds.o
 .debug_macro   0x000000000000ab10      0x33d ./BSP/bsp_stk_leds.o
 .debug_macro   0x000000000000ae4d      0xee4 ./BSP/bsp_stk_leds.o
 .debug_macro   0x000000000000bd31      0xf70 ./BSP/bsp_stk_leds.o
 .debug_macro   0x000000000000cca1      0x9f9 ./BSP/bsp_stk_leds.o
 .debug_macro   0x000000000000d69a     0x106a ./BSP/bsp_stk_leds.o
 .debug_macro   0x000000000000e704      0x37f ./BSP/bsp_stk_leds.o
 .debug_macro   0x000000000000ea83      0x1c9 ./BSP/bsp_stk_leds.o
 .debug_macro   0x000000000000ec4c      0x21d ./BSP/bsp_stk_leds.o
 .debug_macro   0x000000000000ee69       0x40 ./BSP/bsp_stk_leds.o
 .debug_macro   0x000000000000eea9      0x154 ./BSP/bsp_stk_leds.o
 .debug_macro   0x000000000000effd       0xe2 ./BSP/bsp_stk_leds.o
 .debug_macro   0x000000000000f0df       0x9a ./BSP/bsp_stk_leds.o
 .debug_macro   0x000000000000f179      0x252 ./BSP/bsp_stk_leds.o
 .debug_macro   0x000000000000f3cb       0x27 ./BSP/bsp_stk_leds.o
 .debug_macro   0x000000000000f3f2       0xbe ./BSP/bsp_stk_leds.o
 .debug_macro   0x000000000000f4b0       0xbe ./BSP/bsp_stk_leds.o
 .debug_macro   0x000000000000f56e       0x22 ./BSP/bsp_stk_leds.o
 .debug_macro   0x000000000000f590       0x10 ./BSP/bsp_stk_leds.o
 .debug_macro   0x000000000000f5a0       0xbf ./BSP/bsp_stk_leds.o
 .debug_macro   0x000000000000f65f       0x69 ./BSP/bsp_stk_leds.o
 .debug_macro   0x000000000000f6c8      0x337 ./BSP/bsp_stk_leds.o
 .debug_macro   0x000000000000f9ff       0xac ./BSP/bsp_stk_leds.o
 .debug_macro   0x000000000000faab       0x76 ./BSP/bsp_stk_leds.o
 .debug_macro   0x000000000000fb21       0xf1 ./BSP/bsp_stk_leds.o
 .debug_macro   0x000000000000fc12       0x3a ./BSP/bsp_stk_leds.o
 .debug_macro   0x000000000000fc4c      0x2e4 ./CMSIS/EFM32ZG/system_efm32zg.o
 .debug_macro   0x000000000000ff30       0x23 ./emlib/em_assert.o
 .debug_macro   0x000000000000ff53      0x36c ./emlib/em_cmu.o
 .debug_macro   0x00000000000102bf       0x2b ./emlib/em_cmu.o
 .debug_macro   0x00000000000102ea       0xee ./emlib/em_cmu.o
 .debug_macro   0x00000000000103d8       0x11 ./emlib/em_cmu.o
 .debug_macro   0x00000000000103e9      0x2fd ./emlib/em_gpio.o
 .debug_macro   0x00000000000106e6       0xb9 ./emlib/em_gpio.o
 .debug_macro   0x000000000001079f      0x351 ./src/app/blink.o

.debug_line     0x0000000000000000     0x3868
 .debug_line    0x0000000000000000      0xb70 ./BSP/bsp_stk_leds.o
 .debug_line    0x0000000000000b70       0x74 ./CMSIS/EFM32ZG/startup_gcc_efm32zg.o
 .debug_line    0x0000000000000be4      0x7ea ./CMSIS/EFM32ZG/system_efm32zg.o
 .debug_line    0x00000000000013ce      0x154 ./emlib/em_assert.o
 .debug_line    0x0000000000001522      0xf2b ./emlib/em_cmu.o
 .debug_line    0x000000000000244d      0xa72 ./emlib/em_gpio.o
 .debug_line    0x0000000000002ebf      0x9a9 ./src/app/blink.o

.debug_str      0x0000000000000000    0x5e7ed
 .debug_str     0x0000000000000000    0x5d5ed ./BSP/bsp_stk_leds.o
                                      0x5d882 (size before relaxing)
 .debug_str     0x000000000005d5ed       0x36 ./CMSIS/EFM32ZG/startup_gcc_efm32zg.o
                                         0x8c (size before relaxing)
 .debug_str     0x000000000005d623      0x2ae ./CMSIS/EFM32ZG/system_efm32zg.o
                                      0x5b6fb (size before relaxing)
 .debug_str     0x000000000005d8d1       0x1f ./emlib/em_assert.o
                                       0x2d17 (size before relaxing)
 .debug_str     0x000000000005d8f0      0xb2b ./emlib/em_cmu.o
                                      0x5d747 (size before relaxing)
 .debug_str     0x000000000005e41b      0x1fb ./emlib/em_gpio.o
                                      0x5c02a (size before relaxing)
 .debug_str     0x000000000005e616      0x1d7 ./src/app/blink.o
                                      0x5d7b5 (size before relaxing)

.debug_frame    0x0000000000000000      0xaf8
 .debug_frame   0x0000000000000000      0x190 ./BSP/bsp_stk_leds.o
 .debug_frame   0x0000000000000190      0x138 ./CMSIS/EFM32ZG/system_efm32zg.o
 .debug_frame   0x00000000000002c8       0x30 ./emlib/em_assert.o
 .debug_frame   0x00000000000002f8      0x4f4 ./emlib/em_cmu.o
 .debug_frame   0x00000000000007ec      0x190 ./emlib/em_gpio.o
 .debug_frame   0x000000000000097c       0xc8 ./src/app/blink.o
 .debug_frame   0x0000000000000a44       0x20 /Applications/Simplicity Studio.app/Contents/Eclipse/developer/toolchains/gnu_arm/7.2_2017q4/bin/../lib/gcc/arm-none-eabi/7.2.1/thumb/v6-m/libgcc.a(_udivsi3.o)
 .debug_frame   0x0000000000000a64       0x28 /Applications/Simplicity Studio.app/Contents/Eclipse/developer/toolchains/gnu_arm/7.2_2017q4/bin/../lib/gcc/arm-none-eabi/7.2.1/../../../../arm-none-eabi/lib/thumb/v6-m/libc_nano.a(lib_a-exit.o)
 .debug_frame   0x0000000000000a8c       0x2c /Applications/Simplicity Studio.app/Contents/Eclipse/developer/toolchains/gnu_arm/7.2_2017q4/bin/../lib/gcc/arm-none-eabi/7.2.1/../../../../arm-none-eabi/lib/thumb/v6-m/libc_nano.a(lib_a-init.o)
 .debug_frame   0x0000000000000ab8       0x20 /Applications/Simplicity Studio.app/Contents/Eclipse/developer/toolchains/gnu_arm/7.2_2017q4/bin/../lib/gcc/arm-none-eabi/7.2.1/../../../../arm-none-eabi/lib/thumb/v6-m/libc_nano.a(lib_a-memset.o)
 .debug_frame   0x0000000000000ad8       0x20 /Applications/Simplicity Studio.app/Contents/Eclipse/developer/toolchains/gnu_arm/7.2_2017q4/bin/../lib/gcc/arm-none-eabi/7.2.1/../../../../arm-none-eabi/lib/thumb/v6-m/libnosys.a(_exit.o)
